C:\Users\harsha.gaaja\IdeaProjects\EnterpriseQEAutomation\src\main\java\com\beachbody\automation\drivers\RESTDriver.java
C:\Users\harsha.gaaja\IdeaProjects\EnterpriseQEAutomation\src\main\java\com\beachbody\automation\libraries\ExamplesBuilder.java
C:\Users\harsha.gaaja\IdeaProjects\EnterpriseQEAutomation\src\main\java\com\beachbody\automation\exceptions\ToInvestigateException.java
C:\Users\harsha.gaaja\IdeaProjects\EnterpriseQEAutomation\src\main\java\com\beachbody\services\util\OnlineAPI.java
C:\Users\harsha.gaaja\IdeaProjects\EnterpriseQEAutomation\src\main\java\com\beachbody\automation\common\World.java
C:\Users\harsha.gaaja\IdeaProjects\EnterpriseQEAutomation\src\main\java\com\beachbody\automation\drivers\SauceLabsDriver.java
C:\Users\harsha.gaaja\IdeaProjects\EnterpriseQEAutomation\src\main\java\com\beachbody\automation\exceptions\DataSyncException.java
C:\Users\harsha.gaaja\IdeaProjects\EnterpriseQEAutomation\src\main\java\com\beachbody\automation\libraries\ConfigFileReader.java
C:\Users\harsha.gaaja\IdeaProjects\EnterpriseQEAutomation\src\main\java\com\beachbody\automation\utilities\ConfigDetails.java
C:\Users\harsha.gaaja\IdeaProjects\EnterpriseQEAutomation\src\main\java\com\beachbody\pojo\OATSStatus.java
C:\Users\harsha.gaaja\IdeaProjects\EnterpriseQEAutomation\src\main\java\com\beachbody\automation\exceptions\AppIssueException.java
C:\Users\harsha.gaaja\IdeaProjects\EnterpriseQEAutomation\src\main\java\com\beachbody\automation\drivers\SOAPDriver.java
C:\Users\harsha.gaaja\IdeaProjects\EnterpriseQEAutomation\src\main\java\com\beachbody\automation\drivers\WebDriverManager.java
C:\Users\harsha.gaaja\IdeaProjects\EnterpriseQEAutomation\src\main\java\com\beachbody\automation\drivers\OATSDriver.java
C:\Users\harsha.gaaja\IdeaProjects\EnterpriseQEAutomation\src\main\java\com\beachbody\automation\libraries\CustomReporter.java
C:\Users\harsha.gaaja\IdeaProjects\EnterpriseQEAutomation\src\main\java\com\beachbody\automation\common\Constants.java
C:\Users\harsha.gaaja\IdeaProjects\EnterpriseQEAutomation\src\main\java\com\beachbody\automation\exceptions\ScriptException.java
C:\Users\harsha.gaaja\IdeaProjects\EnterpriseQEAutomation\src\main\java\com\beachbody\automation\exceptions\ScriptSyncException.java
C:\Users\harsha.gaaja\IdeaProjects\EnterpriseQEAutomation\src\main\java\com\beachbody\automation\utilities\DBConnectionUtilities.java
C:\Users\harsha.gaaja\IdeaProjects\EnterpriseQEAutomation\src\main\java\com\beachbody\automation\utilities\CommonUtilities.java
C:\Users\harsha.gaaja\IdeaProjects\EnterpriseQEAutomation\src\main\java\com\beachbody\automation\drivers\DBDriver.java
C:\Users\harsha.gaaja\IdeaProjects\EnterpriseQEAutomation\src\main\java\com\beachbody\automation\drivers\SeleniumGridDriver.java
C:\Users\harsha.gaaja\IdeaProjects\EnterpriseQEAutomation\src\main\java\com\beachbody\automation\drivers\MobileDriver.java
C:\Users\harsha.gaaja\IdeaProjects\EnterpriseQEAutomation\src\main\java\com\beachbody\automation\utilities\MongoDBUtils.java
C:\Users\harsha.gaaja\IdeaProjects\EnterpriseQEAutomation\src\main\java\com\beachbody\services\util\ServiceCallUtil.java
