C:\Users\harsha.gaaja\IdeaProjects\EnterpriseQEAutomation\src\test\java\com\beachbody\automation\stepdefs\yopmail\EmailConfirmationStepDefs.java
C:\Users\harsha.gaaja\IdeaProjects\EnterpriseQEAutomation\src\test\java\com\beachbody\automation\pages\teambeachbody\TeamBeachBodyCoachSignUpPage.java
C:\Users\harsha.gaaja\IdeaProjects\EnterpriseQEAutomation\src\test\java\com\beachbody\automation\pages\identitymanagement\IdentityManagementUserDetailsPage.java
C:\Users\harsha.gaaja\IdeaProjects\EnterpriseQEAutomation\src\test\java\com\beachbody\automation\stepdefs\shareacart\ShareACartLoginPageSteps.java
C:\Users\harsha.gaaja\IdeaProjects\EnterpriseQEAutomation\src\test\java\com\beachbody\automation\stepdefs\bydesign\ByDesignLoginSteps.java
C:\Users\harsha.gaaja\IdeaProjects\EnterpriseQEAutomation\src\test\java\com\beachbody\automation\stepdefs\coachoffice\CoachOfficeHomePageSteps.java
C:\Users\harsha.gaaja\IdeaProjects\EnterpriseQEAutomation\src\test\java\com\beachbody\automation\pages\BasePage.java
C:\Users\harsha.gaaja\IdeaProjects\EnterpriseQEAutomation\src\test\java\com\beachbody\automation\stepdefs\teambeachbody\TBB_ProductDetailPageStepDefs.java
C:\Users\harsha.gaaja\IdeaProjects\EnterpriseQEAutomation\src\test\java\com\beachbody\automation\pages\teambeachbody\TeamBeachBodyProductDetailspage.java
C:\Users\harsha.gaaja\IdeaProjects\EnterpriseQEAutomation\src\test\java\com\beachbody\automation\pages\bydesign\ByDesignCustomerDetailsPage.java
C:\Users\harsha.gaaja\IdeaProjects\EnterpriseQEAutomation\src\test\java\com\beachbody\automation\pages\teambeachbody\TeamBeachBodyShippingPage.java
C:\Users\harsha.gaaja\IdeaProjects\EnterpriseQEAutomation\src\test\java\com\beachbody\automation\stepdefs\shareacart\ShareACartStatusPageSteps.java
C:\Users\harsha.gaaja\IdeaProjects\EnterpriseQEAutomation\src\test\java\com\beachbody\automation\stepdefs\teambeachbody\TBB_PaymentPageStepDefs.java
C:\Users\harsha.gaaja\IdeaProjects\EnterpriseQEAutomation\src\test\java\com\beachbody\automation\pages\coachoffice\CoachOfficeMyOrdersPage.java
C:\Users\harsha.gaaja\IdeaProjects\EnterpriseQEAutomation\src\test\java\com\beachbody\automation\runners\AbstractTestNGCucumberParallelTests.java
C:\Users\harsha.gaaja\IdeaProjects\EnterpriseQEAutomation\src\test\java\com\beachbody\automation\stepdefs\bydesign\ByDesignCustomerDetailsPageSteps.java
C:\Users\harsha.gaaja\IdeaProjects\EnterpriseQEAutomation\src\test\java\com\beachbody\automation\stepdefs\oats\OATSSteps.java
C:\Users\harsha.gaaja\IdeaProjects\EnterpriseQEAutomation\src\test\java\com\beachbody\automation\pages\coachoffice\CoachOfficeSendEmailPage.java
C:\Users\harsha.gaaja\IdeaProjects\EnterpriseQEAutomation\src\test\java\com\beachbody\automation\pages\shareacart\ShareACartNewEnrollmentPage.java
C:\Users\harsha.gaaja\IdeaProjects\EnterpriseQEAutomation\src\test\java\com\beachbody\automation\pages\teambeachbody\TeamBeachBodyHomePage.java
C:\Users\harsha.gaaja\IdeaProjects\EnterpriseQEAutomation\src\test\java\com\beachbody\automation\pages\yopmail\YopMailPage.java
C:\Users\harsha.gaaja\IdeaProjects\EnterpriseQEAutomation\src\test\java\com\beachbody\automation\pages\shareacart\ShareACartLoginPage.java
C:\Users\harsha.gaaja\IdeaProjects\EnterpriseQEAutomation\src\test\java\com\beachbody\automation\stepdefs\common\OnlineAPIServicesSteps.java
C:\Users\harsha.gaaja\IdeaProjects\EnterpriseQEAutomation\src\test\java\com\beachbody\automation\stepdefs\coachoffice\CoachOfficeLoginSteps.java
C:\Users\harsha.gaaja\IdeaProjects\EnterpriseQEAutomation\src\test\java\com\beachbody\automation\stepdefs\bydesign\ByDesignCoachDetailsPageSteps.java
C:\Users\harsha.gaaja\IdeaProjects\EnterpriseQEAutomation\src\test\java\com\beachbody\automation\stepdefs\shareacart\ShareACartNewEnrollmentPageSteps.java
C:\Users\harsha.gaaja\IdeaProjects\EnterpriseQEAutomation\src\test\java\com\beachbody\automation\stepdefs\coachoffice\CoachOfficeSendEmailPageSteps.java
C:\Users\harsha.gaaja\IdeaProjects\EnterpriseQEAutomation\src\test\java\com\beachbody\automation\pages\identitymanagement\IdentityManagementUserPage.java
C:\Users\harsha.gaaja\IdeaProjects\EnterpriseQEAutomation\src\test\java\com\beachbody\automation\stepdefs\dbstep\DBValidationSteps.java
C:\Users\harsha.gaaja\IdeaProjects\EnterpriseQEAutomation\src\test\java\com\beachbody\automation\runners\DefaultRunner.java
C:\Users\harsha.gaaja\IdeaProjects\EnterpriseQEAutomation\src\test\java\com\beachbody\automation\pages\bydesign\ByDesignCoachDetailsPage.java
C:\Users\harsha.gaaja\IdeaProjects\EnterpriseQEAutomation\src\test\java\com\beachbody\automation\stepdefs\shareacart\ShareACartSuccessPageSteps.java
C:\Users\harsha.gaaja\IdeaProjects\EnterpriseQEAutomation\src\test\java\com\beachbody\automation\stepdefs\coachoffice\CoachOfficeCustomerAndOrderDetailsPageSteps.java
C:\Users\harsha.gaaja\IdeaProjects\EnterpriseQEAutomation\src\test\java\com\beachbody\automation\stepdefs\identitymanagement\IdentityManagementUserDetailsSteps.java
C:\Users\harsha.gaaja\IdeaProjects\EnterpriseQEAutomation\src\test\java\com\beachbody\automation\pages\coachoffice\CoachOfficeHomePage.java
C:\Users\harsha.gaaja\IdeaProjects\EnterpriseQEAutomation\src\test\java\com\beachbody\automation\pages\identitymanagement\IdentityManagementHomePage.java
C:\Users\harsha.gaaja\IdeaProjects\EnterpriseQEAutomation\src\test\java\com\beachbody\automation\services\OnlineAPIServices.java
C:\Users\harsha.gaaja\IdeaProjects\EnterpriseQEAutomation\src\test\java\com\beachbody\automation\hooks\Hooks.java
C:\Users\harsha.gaaja\IdeaProjects\EnterpriseQEAutomation\src\test\java\com\beachbody\automation\pages\coachoffice\CoachOfficeLoginPage.java
C:\Users\harsha.gaaja\IdeaProjects\EnterpriseQEAutomation\src\test\java\com\beachbody\automation\pages\teambeachbody\TeamBeachBodyPaymentPage.java
C:\Users\harsha.gaaja\IdeaProjects\EnterpriseQEAutomation\src\test\java\com\beachbody\automation\stepdefs\teambeachbody\TBB_HomePageStepDefs.java
C:\Users\harsha.gaaja\IdeaProjects\EnterpriseQEAutomation\src\test\java\com\beachbody\automation\stepdefs\common\CommonPageSteps.java
C:\Users\harsha.gaaja\IdeaProjects\EnterpriseQEAutomation\src\test\java\com\beachbody\automation\services\OnlineAPIServicecJsonPaths.java
C:\Users\harsha.gaaja\IdeaProjects\EnterpriseQEAutomation\src\test\java\com\beachbody\automation\stepdefs\shareacart\ShareACartHomePageSteps.java
C:\Users\harsha.gaaja\IdeaProjects\EnterpriseQEAutomation\src\test\java\com\beachbody\automation\pages\identitymanagement\IdentityManagementLoginPage.java
C:\Users\harsha.gaaja\IdeaProjects\EnterpriseQEAutomation\src\test\java\com\beachbody\automation\stepdefs\identitymanagement\IdentityManagementUserPageSteps.java
C:\Users\harsha.gaaja\IdeaProjects\EnterpriseQEAutomation\src\test\java\com\beachbody\automation\pages\shareacart\ShareACartHomePage.java
C:\Users\harsha.gaaja\IdeaProjects\EnterpriseQEAutomation\src\test\java\com\beachbody\automation\pages\shareacart\ShareACartStatusPage.java
C:\Users\harsha.gaaja\IdeaProjects\EnterpriseQEAutomation\src\test\java\com\beachbody\automation\pages\teambeachbody\TeamBeachBodyCheckOutPage.java
C:\Users\harsha.gaaja\IdeaProjects\EnterpriseQEAutomation\src\test\java\com\beachbody\automation\pages\teambeachbody\TeamBeachBodyMyAccountPage.java
C:\Users\harsha.gaaja\IdeaProjects\EnterpriseQEAutomation\src\test\java\com\beachbody\automation\stepdefs\teambeachbody\TBB_MyAccountPageStepDefs.java
C:\Users\harsha.gaaja\IdeaProjects\EnterpriseQEAutomation\src\test\java\com\beachbody\automation\stepdefs\teambeachbody\TBB_SpecialOffersPageStepDefs.java
C:\Users\harsha.gaaja\IdeaProjects\EnterpriseQEAutomation\src\test\java\com\beachbody\automation\pages\bydesign\ByDesignCustomersPage.java
C:\Users\harsha.gaaja\IdeaProjects\EnterpriseQEAutomation\src\test\java\com\beachbody\automation\stepdefs\coachoffice\CoachOfficeMyEFTMgmtSteps.java
C:\Users\harsha.gaaja\IdeaProjects\EnterpriseQEAutomation\src\test\java\com\beachbody\automation\pages\coachoffice\CoachOfficeMyEFTMgmtPage.java
C:\Users\harsha.gaaja\IdeaProjects\EnterpriseQEAutomation\src\test\java\com\beachbody\automation\pages\common\CommonPage.java
C:\Users\harsha.gaaja\IdeaProjects\EnterpriseQEAutomation\src\test\java\com\beachbody\automation\pages\teambeachbody\TeamBeachBodyAccountPage.java
C:\Users\harsha.gaaja\IdeaProjects\EnterpriseQEAutomation\src\test\java\com\beachbody\automation\pages\shareacart\ShareACartSuccessPage.java
C:\Users\harsha.gaaja\IdeaProjects\EnterpriseQEAutomation\src\test\java\com\beachbody\automation\pages\bydesign\ByDesignLoginPage.java
C:\Users\harsha.gaaja\IdeaProjects\EnterpriseQEAutomation\src\test\java\com\beachbody\automation\stepdefs\teambeachbody\TBB_ShippingDetailsPageStepDefs.java
C:\Users\harsha.gaaja\IdeaProjects\EnterpriseQEAutomation\src\test\java\com\beachbody\automation\pages\shareacart\ShareACartCartPage.java
C:\Users\harsha.gaaja\IdeaProjects\EnterpriseQEAutomation\src\test\java\com\beachbody\automation\stepdefs\bydesign\ByDesignCustomerPageSteps.java
C:\Users\harsha.gaaja\IdeaProjects\EnterpriseQEAutomation\src\test\java\com\beachbody\automation\stepdefs\shareacart\ShareACartCartPageSteps.java
C:\Users\harsha.gaaja\IdeaProjects\EnterpriseQEAutomation\src\test\java\com\beachbody\automation\stepdefs\teambeachbody\TBB_CoachSignUpPageStepDefs.java
C:\Users\harsha.gaaja\IdeaProjects\EnterpriseQEAutomation\src\test\java\com\beachbody\automation\pages\coachoffice\CoachOfficeMyCustomersPage.java
C:\Users\harsha.gaaja\IdeaProjects\EnterpriseQEAutomation\src\test\java\com\beachbody\automation\pages\shareacart\ShareACartShopPage.java
C:\Users\harsha.gaaja\IdeaProjects\EnterpriseQEAutomation\src\test\java\com\beachbody\automation\pages\teambeachbody\TeamBeachBodyShoppingCartPage.java
C:\Users\harsha.gaaja\IdeaProjects\EnterpriseQEAutomation\src\test\java\com\beachbody\automation\stepdefs\identitymanagement\IdentityManagementLoginPageSteps.java
C:\Users\harsha.gaaja\IdeaProjects\EnterpriseQEAutomation\src\test\java\com\beachbody\automation\stepdefs\identitymanagement\IdentityManagementHomePageSteps.java
C:\Users\harsha.gaaja\IdeaProjects\EnterpriseQEAutomation\src\test\java\com\beachbody\automation\stepdefs\shareacart\ShareACartShopPageSteps.java
